{"level":"info","message":"Set primary provider: alchemy","service":"memecoin-bot","timestamp":"2026-03-09T22:47:09.716Z"}
{"level":"info","message":"RPC Provider Manager initialized","providersCount":4,"service":"memecoin-bot","timestamp":"2026-03-09T22:47:09.719Z"}
{"level":"info","message":"Set primary provider: alchemy","service":"memecoin-bot","timestamp":"2026-03-09T22:47:09.720Z"}
{"level":"info","message":"RPC Provider Manager initialized","providersCount":4,"service":"memecoin-bot","timestamp":"2026-03-09T22:47:09.720Z"}
{"level":"info","message":"Set primary provider: alchemy","service":"memecoin-bot","timestamp":"2026-03-09T22:47:09.739Z"}
{"level":"info","message":"RPC Provider Manager initialized","providersCount":4,"service":"memecoin-bot","timestamp":"2026-03-09T22:47:09.740Z"}
{"level":"info","message":"Set primary provider: alchemy","service":"memecoin-bot","timestamp":"2026-03-09T22:47:09.741Z"}
{"level":"info","message":"RPC Provider Manager initialized","providersCount":4,"service":"memecoin-bot","timestamp":"2026-03-09T22:47:09.741Z"}
{"level":"info","message":"Set primary provider: alchemy","service":"memecoin-bot","timestamp":"2026-03-09T22:47:14.747Z"}
{"level":"info","message":"RPC Provider Manager initialized","providersCount":4,"service":"memecoin-bot","timestamp":"2026-03-09T22:47:14.748Z"}
{"level":"info","message":"Set primary provider: alchemy","service":"memecoin-bot","timestamp":"2026-03-09T22:47:14.749Z"}
{"level":"info","message":"RPC Provider Manager initialized","providersCount":4,"service":"memecoin-bot","timestamp":"2026-03-09T22:47:14.749Z"}
{"level":"info","message":"Set primary provider: alchemy","service":"memecoin-bot","timestamp":"2026-03-09T22:47:14.750Z"}
{"level":"info","message":"RPC Provider Manager initialized","providersCount":4,"service":"memecoin-bot","timestamp":"2026-03-09T22:47:14.751Z"}
{"level":"warn","message":"Provider nonexistent not found","service":"memecoin-bot","timestamp":"2026-03-09T22:47:14.751Z"}
{"level":"info","message":"Set primary provider: alchemy","service":"memecoin-bot","timestamp":"2026-03-09T22:47:14.752Z"}
{"level":"info","message":"RPC Provider Manager initialized","providersCount":4,"service":"memecoin-bot","timestamp":"2026-03-09T22:47:14.752Z"}
{"level":"info","message":"Set primary provider: alchemy","service":"memecoin-bot","timestamp":"2026-03-09T22:47:14.753Z"}
{"level":"info","message":"RPC Provider Manager initialized","providersCount":4,"service":"memecoin-bot","timestamp":"2026-03-09T22:47:14.753Z"}
{"level":"info","message":"Set primary provider: alchemy","service":"memecoin-bot","timestamp":"2026-03-09T22:47:14.754Z"}
{"level":"info","message":"RPC Provider Manager initialized","providersCount":4,"service":"memecoin-bot","timestamp":"2026-03-09T22:47:14.755Z"}
{"level":"info","message":"Set primary provider: alchemy","service":"memecoin-bot","timestamp":"2026-03-09T22:47:19.759Z"}
{"level":"info","message":"RPC Provider Manager initialized","providersCount":4,"service":"memecoin-bot","timestamp":"2026-03-09T22:47:19.759Z"}
{"level":"info","message":"Set primary provider: alchemy","service":"memecoin-bot","timestamp":"2026-03-09T22:47:19.761Z"}
{"level":"info","message":"RPC Provider Manager initialized","providersCount":4,"service":"memecoin-bot","timestamp":"2026-03-09T22:47:19.762Z"}
{"level":"info","message":"Set primary provider: alchemy","service":"memecoin-bot","timestamp":"2026-03-09T22:47:19.763Z"}
{"level":"info","message":"RPC Provider Manager initialized","providersCount":4,"service":"memecoin-bot","timestamp":"2026-03-09T22:47:19.763Z"}
{"level":"info","message":"Set primary provider: alchemy","service":"memecoin-bot","timestamp":"2026-03-09T22:47:24.768Z"}
{"level":"info","message":"RPC Provider Manager initialized","providersCount":4,"service":"memecoin-bot","timestamp":"2026-03-09T22:47:24.769Z"}
{"level":"info","message":"Set primary provider: alchemy","service":"memecoin-bot","timestamp":"2026-03-09T22:47:24.771Z"}
{"level":"info","message":"RPC Provider Manager initialized","providersCount":4,"service":"memecoin-bot","timestamp":"2026-03-09T22:47:24.771Z"}
{"level":"info","message":"Set primary provider: alchemy","service":"memecoin-bot","timestamp":"2026-03-09T22:47:29.774Z"}
{"level":"info","message":"RPC Provider Manager initialized","providersCount":4,"service":"memecoin-bot","timestamp":"2026-03-09T22:47:29.775Z"}
{"level":"info","message":"Set primary provider: alchemy","service":"memecoin-bot","timestamp":"2026-03-09T22:47:29.781Z"}
{"level":"info","message":"RPC Provider Manager initialized","providersCount":4,"service":"memecoin-bot","timestamp":"2026-03-09T22:47:29.782Z"}
{"level":"info","message":"Set primary provider: alchemy","service":"memecoin-bot","timestamp":"2026-03-09T22:47:34.785Z"}
{"level":"info","message":"RPC Provider Manager initialized","providersCount":4,"service":"memecoin-bot","timestamp":"2026-03-09T22:47:34.786Z"}
{"level":"info","message":"Set primary provider: alchemy","service":"memecoin-bot","timestamp":"2026-03-09T22:47:39.790Z"}
{"level":"info","message":"RPC Provider Manager initialized","providersCount":4,"service":"memecoin-bot","timestamp":"2026-03-09T22:47:39.790Z"}
{"level":"info","message":"Set primary provider: alchemy","service":"memecoin-bot","timestamp":"2026-03-09T22:47:39.793Z"}
{"level":"info","message":"RPC Provider Manager initialized","providersCount":4,"service":"memecoin-bot","timestamp":"2026-03-09T22:47:39.794Z"}
{"level":"info","message":"Set primary provider: alchemy","service":"memecoin-bot","timestamp":"2026-03-09T22:47:44.797Z"}
{"level":"info","message":"RPC Provider Manager initialized","providersCount":4,"service":"memecoin-bot","timestamp":"2026-03-09T22:47:44.798Z"}
{"level":"info","message":"Set primary provider: alchemy","service":"memecoin-bot","timestamp":"2026-03-09T22:47:44.802Z"}
{"level":"info","message":"RPC Provider Manager initialized","providersCount":4,"service":"memecoin-bot","timestamp":"2026-03-09T22:47:44.803Z"}
{"level":"info","message":"Set primary provider: alchemy","service":"memecoin-bot","timestamp":"2026-03-09T22:47:49.805Z"}
{"level":"info","message":"RPC Provider Manager initialized","providersCount":4,"service":"memecoin-bot","timestamp":"2026-03-09T22:47:49.807Z"}
{"level":"info","message":"Set primary provider: alchemy","service":"memecoin-bot","timestamp":"2026-03-09T22:47:49.811Z"}
{"level":"info","message":"RPC Provider Manager initialized","providersCount":4,"service":"memecoin-bot","timestamp":"2026-03-09T22:47:49.811Z"}
{"level":"info","message":"Set primary provider: alchemy","service":"memecoin-bot","timestamp":"2026-03-09T22:47:49.813Z"}
{"level":"info","message":"RPC Provider Manager initialized","providersCount":4,"service":"memecoin-bot","timestamp":"2026-03-09T22:47:49.813Z"}
{"level":"info","message":"Set primary provider: alchemy","service":"memecoin-bot","timestamp":"2026-03-09T22:47:49.816Z"}
{"level":"info","message":"RPC Provider Manager initialized","providersCount":4,"service":"memecoin-bot","timestamp":"2026-03-09T22:47:49.816Z"}
{"level":"info","message":"Set primary provider: alchemy","service":"memecoin-bot","timestamp":"2026-03-09T22:47:49.821Z"}
{"level":"info","message":"RPC Provider Manager initialized","providersCount":4,"service":"memecoin-bot","timestamp":"2026-03-09T22:47:49.821Z"}
{"level":"info","message":"Set primary provider: alchemy","service":"memecoin-bot","timestamp":"2026-03-09T22:47:54.824Z"}
{"level":"info","message":"RPC Provider Manager initialized","providersCount":4,"service":"memecoin-bot","timestamp":"2026-03-09T22:47:54.824Z"}
{"level":"info","message":"Set primary provider: alchemy","service":"memecoin-bot","timestamp":"2026-03-09T22:47:54.825Z"}
{"level":"info","message":"RPC Provider Manager initialized","providersCount":4,"service":"memecoin-bot","timestamp":"2026-03-09T22:47:54.826Z"}
{"level":"info","message":"Set primary provider: alchemy","service":"memecoin-bot","timestamp":"2026-03-09T22:47:54.829Z"}
{"level":"info","message":"RPC Provider Manager initialized","providersCount":4,"service":"memecoin-bot","timestamp":"2026-03-09T22:47:54.830Z"}
{"level":"info","message":"Set primary provider: alchemy","service":"memecoin-bot","timestamp":"2026-03-09T22:47:54.832Z"}
{"level":"info","message":"RPC Provider Manager initialized","providersCount":4,"service":"memecoin-bot","timestamp":"2026-03-09T22:47:54.832Z"}
{"level":"info","message":"Set primary provider: alchemy","service":"memecoin-bot","timestamp":"2026-03-09T22:47:54.834Z"}
{"level":"info","message":"RPC Provider Manager initialized","providersCount":4,"service":"memecoin-bot","timestamp":"2026-03-09T22:47:54.835Z"}
{"level":"info","message":"Set primary provider: alchemy","service":"memecoin-bot","timestamp":"2026-03-09T22:47:54.837Z"}
{"level":"info","message":"RPC Provider Manager initialized","providersCount":4,"service":"memecoin-bot","timestamp":"2026-03-09T22:47:54.838Z"}
{"level":"info","message":"Set primary provider: alchemy","service":"memecoin-bot","timestamp":"2026-03-09T22:47:59.842Z"}
{"level":"info","message":"RPC Provider Manager initialized","providersCount":4,"service":"memecoin-bot","timestamp":"2026-03-09T22:47:59.843Z"}
{"level":"info","message":"Set primary provider: alchemy","service":"memecoin-bot","timestamp":"2026-03-09T22:48:04.847Z"}
{"level":"info","message":"RPC Provider Manager initialized","providersCount":4,"service":"memecoin-bot","timestamp":"2026-03-09T22:48:04.848Z"}
{"level":"info","message":"Set primary provider: alchemy","service":"memecoin-bot","timestamp":"2026-03-09T22:48:04.853Z"}
{"level":"info","message":"RPC Provider Manager initialized","providersCount":4,"service":"memecoin-bot","timestamp":"2026-03-09T22:48:04.854Z"}
{"level":"info","message":"Set primary provider: alchemy","service":"memecoin-bot","timestamp":"2026-03-09T22:48:11.225Z"}
{"level":"info","message":"RPC Provider Manager initialized","providersCount":4,"service":"memecoin-bot","timestamp":"2026-03-09T22:48:11.231Z"}
{"level":"info","message":"Set primary provider: alchemy","service":"memecoin-bot","timestamp":"2026-03-09T22:48:11.233Z"}
{"level":"info","message":"RPC Provider Manager initialized","providersCount":4,"service":"memecoin-bot","timestamp":"2026-03-09T22:48:11.234Z"}
{"level":"info","message":"Set primary provider: alchemy","service":"memecoin-bot","timestamp":"2026-03-09T22:48:11.271Z"}
{"level":"info","message":"RPC Provider Manager initialized","providersCount":4,"service":"memecoin-bot","timestamp":"2026-03-09T22:48:11.272Z"}
{"level":"info","message":"Set primary provider: alchemy","service":"memecoin-bot","timestamp":"2026-03-09T22:48:11.273Z"}
{"level":"info","message":"RPC Provider Manager initialized","providersCount":4,"service":"memecoin-bot","timestamp":"2026-03-09T22:48:11.273Z"}
{"level":"info","message":"Set primary provider: alchemy","service":"memecoin-bot","timestamp":"2026-03-09T22:48:16.279Z"}
{"level":"info","message":"RPC Provider Manager initialized","providersCount":4,"service":"memecoin-bot","timestamp":"2026-03-09T22:48:16.280Z"}
{"level":"info","message":"Set primary provider: alchemy","service":"memecoin-bot","timestamp":"2026-03-09T22:48:16.283Z"}
{"level":"info","message":"RPC Provider Manager initialized","providersCount":4,"service":"memecoin-bot","timestamp":"2026-03-09T22:48:16.283Z"}
{"level":"info","message":"Set primary provider: alchemy","service":"memecoin-bot","timestamp":"2026-03-09T22:48:16.286Z"}
{"level":"info","message":"RPC Provider Manager initialized","providersCount":4,"service":"memecoin-bot","timestamp":"2026-03-09T22:48:16.286Z"}
{"level":"warn","message":"Provider nonexistent not found","service":"memecoin-bot","timestamp":"2026-03-09T22:48:16.287Z"}
{"level":"info","message":"Set primary provider: alchemy","service":"memecoin-bot","timestamp":"2026-03-09T22:48:16.290Z"}
{"level":"info","message":"RPC Provider Manager initialized","providersCount":4,"service":"memecoin-bot","timestamp":"2026-03-09T22:48:16.291Z"}
{"level":"info","message":"Set primary provider: alchemy","service":"memecoin-bot","timestamp":"2026-03-09T22:48:16.293Z"}
{"level":"info","message":"RPC Provider Manager initialized","providersCount":4,"service":"memecoin-bot","timestamp":"2026-03-09T22:48:16.294Z"}
{"level":"info","message":"Set primary provider: alchemy","service":"memecoin-bot","timestamp":"2026-03-09T22:48:16.297Z"}
{"level":"info","message":"RPC Provider Manager initialized","providersCount":4,"service":"memecoin-bot","timestamp":"2026-03-09T22:48:16.298Z"}
{"level":"info","message":"Set primary provider: alchemy","service":"memecoin-bot","timestamp":"2026-03-09T22:48:21.302Z"}
{"level":"info","message":"RPC Provider Manager initialized","providersCount":4,"service":"memecoin-bot","timestamp":"2026-03-09T22:48:21.304Z"}
{"level":"info","message":"Set primary provider: alchemy","service":"memecoin-bot","timestamp":"2026-03-09T22:48:21.307Z"}
{"level":"info","message":"RPC Provider Manager initialized","providersCount":4,"service":"memecoin-bot","timestamp":"2026-03-09T22:48:21.309Z"}
{"level":"info","message":"Set primary provider: alchemy","service":"memecoin-bot","timestamp":"2026-03-09T22:48:21.313Z"}
{"level":"info","message":"RPC Provider Manager initialized","providersCount":4,"service":"memecoin-bot","timestamp":"2026-03-09T22:48:21.314Z"}
{"level":"info","message":"Set primary provider: alchemy","service":"memecoin-bot","timestamp":"2026-03-09T22:48:26.323Z"}
{"level":"info","message":"RPC Provider Manager initialized","providersCount":4,"service":"memecoin-bot","timestamp":"2026-03-09T22:48:26.324Z"}
{"level":"info","message":"Set primary provider: alchemy","service":"memecoin-bot","timestamp":"2026-03-09T22:48:26.327Z"}
{"level":"info","message":"RPC Provider Manager initialized","providersCount":4,"service":"memecoin-bot","timestamp":"2026-03-09T22:48:26.328Z"}
{"level":"info","message":"Set primary provider: alchemy","service":"memecoin-bot","timestamp":"2026-03-09T22:48:31.331Z"}
{"level":"info","message":"RPC Provider Manager initialized","providersCount":4,"service":"memecoin-bot","timestamp":"2026-03-09T22:48:31.332Z"}
{"level":"info","message":"Set primary provider: alchemy","service":"memecoin-bot","timestamp":"2026-03-09T22:48:31.338Z"}
{"level":"info","message":"RPC Provider Manager initialized","providersCount":4,"service":"memecoin-bot","timestamp":"2026-03-09T22:48:31.339Z"}
{"level":"info","message":"Set primary provider: alchemy","service":"memecoin-bot","timestamp":"2026-03-09T22:48:36.342Z"}
{"level":"info","message":"RPC Provider Manager initialized","providersCount":4,"service":"memecoin-bot","timestamp":"2026-03-09T22:48:36.343Z"}
{"level":"info","message":"Set primary provider: alchemy","service":"memecoin-bot","timestamp":"2026-03-09T22:48:41.345Z"}
{"level":"info","message":"RPC Provider Manager initialized","providersCount":4,"service":"memecoin-bot","timestamp":"2026-03-09T22:48:41.346Z"}
{"level":"info","message":"Set primary provider: alchemy","service":"memecoin-bot","timestamp":"2026-03-09T22:48:41.349Z"}
{"level":"info","message":"RPC Provider Manager initialized","providersCount":4,"service":"memecoin-bot","timestamp":"2026-03-09T22:48:41.350Z"}
{"level":"info","message":"Set primary provider: alchemy","service":"memecoin-bot","timestamp":"2026-03-09T22:48:46.353Z"}
{"level":"info","message":"RPC Provider Manager initialized","providersCount":4,"service":"memecoin-bot","timestamp":"2026-03-09T22:48:46.354Z"}
{"level":"info","message":"Set primary provider: alchemy","service":"memecoin-bot","timestamp":"2026-03-09T22:48:46.356Z"}
{"level":"info","message":"RPC Provider Manager initialized","providersCount":4,"service":"memecoin-bot","timestamp":"2026-03-09T22:48:46.357Z"}
{"level":"info","message":"Set primary provider: alchemy","service":"memecoin-bot","timestamp":"2026-03-09T22:48:51.359Z"}
{"level":"info","message":"RPC Provider Manager initialized","providersCount":4,"service":"memecoin-bot","timestamp":"2026-03-09T22:48:51.360Z"}
{"level":"info","message":"Set primary provider: alchemy","service":"memecoin-bot","timestamp":"2026-03-09T22:48:51.367Z"}
{"level":"info","message":"RPC Provider Manager initialized","providersCount":4,"service":"memecoin-bot","timestamp":"2026-03-09T22:48:51.368Z"}
{"level":"info","message":"Set primary provider: alchemy","service":"memecoin-bot","timestamp":"2026-03-09T22:48:51.372Z"}
{"level":"info","message":"RPC Provider Manager initialized","providersCount":4,"service":"memecoin-bot","timestamp":"2026-03-09T22:48:51.372Z"}
{"level":"info","message":"Set primary provider: alchemy","service":"memecoin-bot","timestamp":"2026-03-09T22:48:51.376Z"}
{"level":"info","message":"RPC Provider Manager initialized","providersCount":4,"service":"memecoin-bot","timestamp":"2026-03-09T22:48:51.377Z"}
{"level":"info","message":"Set primary provider: alchemy","service":"memecoin-bot","timestamp":"2026-03-09T22:48:51.382Z"}
{"level":"info","message":"RPC Provider Manager initialized","providersCount":4,"service":"memecoin-bot","timestamp":"2026-03-09T22:48:51.383Z"}
{"level":"info","message":"Set primary provider: alchemy","service":"memecoin-bot","timestamp":"2026-03-09T22:48:56.386Z"}
{"level":"info","message":"RPC Provider Manager initialized","providersCount":4,"service":"memecoin-bot","timestamp":"2026-03-09T22:48:56.387Z"}
{"level":"info","message":"Set primary provider: alchemy","service":"memecoin-bot","timestamp":"2026-03-09T22:48:56.388Z"}
{"level":"info","message":"RPC Provider Manager initialized","providersCount":4,"service":"memecoin-bot","timestamp":"2026-03-09T22:48:56.389Z"}
{"level":"info","message":"Set primary provider: alchemy","service":"memecoin-bot","timestamp":"2026-03-09T22:48:56.391Z"}
{"level":"info","message":"RPC Provider Manager initialized","providersCount":4,"service":"memecoin-bot","timestamp":"2026-03-09T22:48:56.392Z"}
{"level":"info","message":"Set primary provider: alchemy","service":"memecoin-bot","timestamp":"2026-03-09T22:48:56.395Z"}
{"level":"info","message":"RPC Provider Manager initialized","providersCount":4,"service":"memecoin-bot","timestamp":"2026-03-09T22:48:56.395Z"}
{"level":"info","message":"Set primary provider: alchemy","service":"memecoin-bot","timestamp":"2026-03-09T22:48:56.397Z"}
{"level":"info","message":"RPC Provider Manager initialized","providersCount":4,"service":"memecoin-bot","timestamp":"2026-03-09T22:48:56.398Z"}
{"level":"info","message":"Set primary provider: alchemy","service":"memecoin-bot","timestamp":"2026-03-09T22:48:56.400Z"}
{"level":"info","message":"RPC Provider Manager initialized","providersCount":4,"service":"memecoin-bot","timestamp":"2026-03-09T22:48:56.400Z"}
{"level":"info","message":"Set primary provider: alchemy","service":"memecoin-bot","timestamp":"2026-03-09T22:49:01.403Z"}
{"level":"info","message":"RPC Provider Manager initialized","providersCount":4,"service":"memecoin-bot","timestamp":"2026-03-09T22:49:01.403Z"}
{"level":"info","message":"Set primary provider: alchemy","service":"memecoin-bot","timestamp":"2026-03-09T22:49:06.406Z"}
{"level":"info","message":"RPC Provider Manager initialized","providersCount":4,"service":"memecoin-bot","timestamp":"2026-03-09T22:49:06.407Z"}
{"level":"info","message":"Set primary provider: alchemy","service":"memecoin-bot","timestamp":"2026-03-09T22:49:06.409Z"}
{"level":"info","message":"RPC Provider Manager initialized","providersCount":4,"service":"memecoin-bot","timestamp":"2026-03-09T22:49:06.411Z"}
{"level":"info","message":"Set primary provider: alchemy","service":"memecoin-bot","timestamp":"2026-03-09T22:49:37.571Z"}
{"level":"info","message":"RPC Provider Manager initialized","providersCount":4,"service":"memecoin-bot","timestamp":"2026-03-09T22:49:37.574Z"}
{"level":"info","message":"Set primary provider: alchemy","service":"memecoin-bot","timestamp":"2026-03-09T22:49:37.576Z"}
{"level":"info","message":"RPC Provider Manager initialized","providersCount":4,"service":"memecoin-bot","timestamp":"2026-03-09T22:49:37.576Z"}
{"level":"info","message":"Set primary provider: alchemy","service":"memecoin-bot","timestamp":"2026-03-09T22:49:37.596Z"}
{"level":"info","message":"RPC Provider Manager initialized","providersCount":4,"service":"memecoin-bot","timestamp":"2026-03-09T22:49:37.596Z"}
{"level":"info","message":"Set primary provider: alchemy","service":"memecoin-bot","timestamp":"2026-03-09T22:49:37.597Z"}
{"level":"info","message":"RPC Provider Manager initialized","providersCount":4,"service":"memecoin-bot","timestamp":"2026-03-09T22:49:37.597Z"}
{"level":"info","message":"Set primary provider: alchemy","service":"memecoin-bot","timestamp":"2026-03-09T22:49:42.603Z"}
{"level":"info","message":"RPC Provider Manager initialized","providersCount":4,"service":"memecoin-bot","timestamp":"2026-03-09T22:49:42.604Z"}
{"level":"info","message":"Set primary provider: alchemy","service":"memecoin-bot","timestamp":"2026-03-09T22:49:42.607Z"}
{"level":"info","message":"RPC Provider Manager initialized","providersCount":4,"service":"memecoin-bot","timestamp":"2026-03-09T22:49:42.608Z"}
{"level":"info","message":"Set primary provider: alchemy","service":"memecoin-bot","timestamp":"2026-03-09T22:49:42.610Z"}
{"level":"info","message":"RPC Provider Manager initialized","providersCount":4,"service":"memecoin-bot","timestamp":"2026-03-09T22:49:42.611Z"}
{"level":"warn","message":"Provider nonexistent not found","service":"memecoin-bot","timestamp":"2026-03-09T22:49:42.612Z"}
{"level":"info","message":"Set primary provider: alchemy","service":"memecoin-bot","timestamp":"2026-03-09T22:49:42.613Z"}
{"level":"info","message":"RPC Provider Manager initialized","providersCount":4,"service":"memecoin-bot","timestamp":"2026-03-09T22:49:42.614Z"}
{"level":"info","message":"Set primary provider: alchemy","service":"memecoin-bot","timestamp":"2026-03-09T22:49:42.616Z"}
{"level":"info","message":"RPC Provider Manager initialized","providersCount":4,"service":"memecoin-bot","timestamp":"2026-03-09T22:49:42.617Z"}
{"level":"info","message":"Set primary provider: alchemy","service":"memecoin-bot","timestamp":"2026-03-09T22:49:42.619Z"}
{"level":"info","message":"RPC Provider Manager initialized","providersCount":4,"service":"memecoin-bot","timestamp":"2026-03-09T22:49:42.620Z"}
{"level":"info","message":"Set primary provider: alchemy","service":"memecoin-bot","timestamp":"2026-03-09T22:49:47.623Z"}
{"level":"info","message":"RPC Provider Manager initialized","providersCount":4,"service":"memecoin-bot","timestamp":"2026-03-09T22:49:47.624Z"}
{"level":"info","message":"Set primary provider: alchemy","service":"memecoin-bot","timestamp":"2026-03-09T22:49:47.625Z"}
{"level":"info","message":"RPC Provider Manager initialized","providersCount":4,"service":"memecoin-bot","timestamp":"2026-03-09T22:49:47.626Z"}
{"level":"info","message":"Set primary provider: alchemy","service":"memecoin-bot","timestamp":"2026-03-09T22:49:47.628Z"}
{"level":"info","message":"RPC Provider Manager initialized","providersCount":4,"service":"memecoin-bot","timestamp":"2026-03-09T22:49:47.628Z"}
{"level":"info","message":"Set primary provider: alchemy","service":"memecoin-bot","timestamp":"2026-03-09T22:49:52.631Z"}
{"level":"info","message":"RPC Provider Manager initialized","providersCount":4,"service":"memecoin-bot","timestamp":"2026-03-09T22:49:52.632Z"}
{"level":"info","message":"Set primary provider: alchemy","service":"memecoin-bot","timestamp":"2026-03-09T22:49:52.634Z"}
{"level":"info","message":"RPC Provider Manager initialized","providersCount":4,"service":"memecoin-bot","timestamp":"2026-03-09T22:49:52.634Z"}
{"level":"info","message":"Set primary provider: alchemy","service":"memecoin-bot","timestamp":"2026-03-09T22:49:57.637Z"}
{"level":"info","message":"RPC Provider Manager initialized","providersCount":4,"service":"memecoin-bot","timestamp":"2026-03-09T22:49:57.638Z"}
{"level":"info","message":"Set primary provider: alchemy","service":"memecoin-bot","timestamp":"2026-03-09T22:49:57.643Z"}
{"level":"info","message":"RPC Provider Manager initialized","providersCount":4,"service":"memecoin-bot","timestamp":"2026-03-09T22:49:57.643Z"}
{"level":"info","message":"Set primary provider: alchemy","service":"memecoin-bot","timestamp":"2026-03-09T22:50:02.645Z"}
{"level":"info","message":"RPC Provider Manager initialized","providersCount":4,"service":"memecoin-bot","timestamp":"2026-03-09T22:50:02.646Z"}
{"level":"info","message":"Set primary provider: alchemy","service":"memecoin-bot","timestamp":"2026-03-09T22:50:07.648Z"}
{"level":"info","message":"RPC Provider Manager initialized","providersCount":4,"service":"memecoin-bot","timestamp":"2026-03-09T22:50:07.649Z"}
{"level":"info","message":"Set primary provider: alchemy","service":"memecoin-bot","timestamp":"2026-03-09T22:50:07.653Z"}
{"level":"info","message":"RPC Provider Manager initialized","providersCount":4,"service":"memecoin-bot","timestamp":"2026-03-09T22:50:07.653Z"}
{"level":"info","message":"Set primary provider: alchemy","service":"memecoin-bot","timestamp":"2026-03-09T22:50:12.657Z"}
{"level":"info","message":"RPC Provider Manager initialized","providersCount":4,"service":"memecoin-bot","timestamp":"2026-03-09T22:50:12.658Z"}
{"level":"info","message":"Set primary provider: alchemy","service":"memecoin-bot","timestamp":"2026-03-09T22:50:12.665Z"}
{"level":"info","message":"RPC Provider Manager initialized","providersCount":4,"service":"memecoin-bot","timestamp":"2026-03-09T22:50:12.665Z"}
{"level":"info","message":"Set primary provider: alchemy","service":"memecoin-bot","timestamp":"2026-03-09T22:50:17.668Z"}
{"level":"info","message":"RPC Provider Manager initialized","providersCount":4,"service":"memecoin-bot","timestamp":"2026-03-09T22:50:17.669Z"}
{"level":"info","message":"Set primary provider: alchemy","service":"memecoin-bot","timestamp":"2026-03-09T22:50:17.677Z"}
{"level":"info","message":"RPC Provider Manager initialized","providersCount":4,"service":"memecoin-bot","timestamp":"2026-03-09T22:50:17.678Z"}
{"level":"info","message":"Set primary provider: alchemy","service":"memecoin-bot","timestamp":"2026-03-09T22:50:17.680Z"}
{"level":"info","message":"RPC Provider Manager initialized","providersCount":4,"service":"memecoin-bot","timestamp":"2026-03-09T22:50:17.681Z"}
{"level":"info","message":"Set primary provider: alchemy","service":"memecoin-bot","timestamp":"2026-03-09T22:50:17.686Z"}
{"level":"info","message":"RPC Provider Manager initialized","providersCount":4,"service":"memecoin-bot","timestamp":"2026-03-09T22:50:17.686Z"}
{"level":"info","message":"Set primary provider: alchemy","service":"memecoin-bot","timestamp":"2026-03-09T22:50:17.694Z"}
{"level":"info","message":"RPC Provider Manager initialized","providersCount":4,"service":"memecoin-bot","timestamp":"2026-03-09T22:50:17.694Z"}
{"level":"info","message":"Set primary provider: alchemy","service":"memecoin-bot","timestamp":"2026-03-09T22:50:22.697Z"}
{"level":"info","message":"RPC Provider Manager initialized","providersCount":4,"service":"memecoin-bot","timestamp":"2026-03-09T22:50:22.698Z"}
{"level":"info","message":"Set primary provider: alchemy","service":"memecoin-bot","timestamp":"2026-03-09T22:50:22.699Z"}
{"level":"info","message":"RPC Provider Manager initialized","providersCount":4,"service":"memecoin-bot","timestamp":"2026-03-09T22:50:22.700Z"}
{"level":"info","message":"Set primary provider: alchemy","service":"memecoin-bot","timestamp":"2026-03-09T22:50:22.701Z"}
{"level":"info","message":"RPC Provider Manager initialized","providersCount":4,"service":"memecoin-bot","timestamp":"2026-03-09T22:50:22.702Z"}
{"level":"info","message":"Set primary provider: alchemy","service":"memecoin-bot","timestamp":"2026-03-09T22:50:22.702Z"}
{"level":"info","message":"RPC Provider Manager initialized","providersCount":4,"service":"memecoin-bot","timestamp":"2026-03-09T22:50:22.703Z"}
{"level":"info","message":"Set primary provider: alchemy","service":"memecoin-bot","timestamp":"2026-03-09T22:50:22.704Z"}
{"level":"info","message":"RPC Provider Manager initialized","providersCount":4,"service":"memecoin-bot","timestamp":"2026-03-09T22:50:22.704Z"}
{"level":"info","message":"Set primary provider: alchemy","service":"memecoin-bot","timestamp":"2026-03-09T22:50:22.705Z"}
{"level":"info","message":"RPC Provider Manager initialized","providersCount":4,"service":"memecoin-bot","timestamp":"2026-03-09T22:50:22.705Z"}
{"level":"info","message":"Set primary provider: alchemy","service":"memecoin-bot","timestamp":"2026-03-09T22:50:27.709Z"}
{"level":"info","message":"RPC Provider Manager initialized","providersCount":4,"service":"memecoin-bot","timestamp":"2026-03-09T22:50:27.710Z"}
{"level":"info","message":"Set primary provider: alchemy","service":"memecoin-bot","timestamp":"2026-03-09T22:50:32.713Z"}
{"level":"info","message":"RPC Provider Manager initialized","providersCount":4,"service":"memecoin-bot","timestamp":"2026-03-09T22:50:32.714Z"}
{"level":"info","message":"Set primary provider: alchemy","service":"memecoin-bot","timestamp":"2026-03-09T22:50:32.716Z"}
{"level":"info","message":"RPC Provider Manager initialized","providersCount":4,"service":"memecoin-bot","timestamp":"2026-03-09T22:50:32.717Z"}
{"level":"warn","message":"Attempting failover from alchemy","service":"memecoin-bot","timestamp":"2026-03-09T22:51:43.700Z"}
{"attempt":1,"error":"server response 401 Unauthorized (request={  }, response={  }, error=null, info={ \"requestUrl\": \"https://base-mainnet.infura.io/v3/demo\", \"responseBody\": \"invalid project id\\n\", \"responseStatus\": \"401 Unauthorized\" }, code=SERVER_ERROR, version=6.16.0)","isLastAttempt":true,"level":"warn","message":"Provider infura health check failed","retries":1,"service":"memecoin-bot","timestamp":"2026-03-09T22:51:44.204Z"}
{"attempt":1,"error":"missing response for request (value=[ { \"error\": { \"code\": -32000, \"message\": \"Unauthorized: You must authenticate your request with an API key. Create an account on https://www.ankr.com/rpc/ and generate your personal API key for free.\" }, \"id\": null, \"jsonrpc\": \"2.0\" } ], info={ \"payload\": { \"id\": 2, \"jsonrpc\": \"2.0\", \"method\": \"eth_blockNumber\", \"params\": [  ] } }, code=BAD_DATA, version=6.16.0)","isLastAttempt":true,"level":"warn","message":"Provider ankr health check failed","retries":1,"service":"memecoin-bot","timestamp":"2026-03-09T22:51:44.427Z"}
{"attempt":1,"error":"getaddrinfo EAI_AGAIN base-mainnet.quicknode.pro","isLastAttempt":true,"level":"warn","message":"Provider quicknode health check failed","retries":1,"service":"memecoin-bot","timestamp":"2026-03-09T22:51:44.572Z"}
{"level":"error","message":"Failover failed: no healthy providers available","service":"memecoin-bot","timestamp":"2026-03-09T22:51:44.572Z"}
{"attempt":1,"error":"exceeded maximum retry limit (request={  }, response={  }, error=null, info={ \"requestUrl\": \"https://base-mainnet.g.alchemy.com/v2/demo\", \"responseBody\": null, \"responseStatus\": \"599 CLIENT ESCALATED SERVER ERROR (429 Too Many Requests; exceeded maximum retry limit)\" }, code=SERVER_ERROR, version=6.16.0)","isLastAttempt":true,"level":"warn","message":"Provider alchemy health check failed","retries":1,"service":"memecoin-bot","timestamp":"2026-03-09T22:52:36.688Z"}
{"attempt":1,"error":"server response 401 Unauthorized (request={  }, response={  }, error=null, info={ \"requestUrl\": \"https://base-mainnet.infura.io/v3/demo\", \"responseBody\": \"invalid project id\\n\", \"responseStatus\": \"401 Unauthorized\" }, code=SERVER_ERROR, version=6.16.0)","isLastAttempt":true,"level":"warn","message":"Provider infura health check failed","retries":1,"service":"memecoin-bot","timestamp":"2026-03-09T22:52:36.806Z"}
{"attempt":1,"error":"missing response for request (value=[ { \"error\": { \"code\": -32000, \"message\": \"Unauthorized: You must authenticate your request with an API key. Create an account on https://www.ankr.com/rpc/ and generate your personal API key for free.\" }, \"id\": null, \"jsonrpc\": \"2.0\" } ], info={ \"payload\": { \"id\": 2, \"jsonrpc\": \"2.0\", \"method\": \"eth_blockNumber\", \"params\": [  ] } }, code=BAD_DATA, version=6.16.0)","isLastAttempt":true,"level":"warn","message":"Provider ankr health check failed","retries":1,"service":"memecoin-bot","timestamp":"2026-03-09T22:52:36.850Z"}
{"attempt":1,"error":"getaddrinfo EAI_AGAIN base-mainnet.quicknode.pro","isLastAttempt":true,"level":"warn","message":"Provider quicknode health check failed","retries":1,"service":"memecoin-bot","timestamp":"2026-03-09T22:52:36.922Z"}
